🧪 AI Visual Code Review - Automated Test Suite

============================================================

📋 A1. Basic Commands
------------------------------------------------------------
Test: ./bin/ai-review.js quick --help
✅ PASS: Help command works

Test: ./bin/ai-review.js quick
fatal: path 'COMMIT_MESSAGE.md' does not exist (neither on disk nor in the index)
✅ PASS: Quick review generates AI_REVIEW.md

📋 A2. Include Patterns
------------------------------------------------------------
Test: ./bin/ai-review.js quick --include "*.js"
✅ PASS: Include *.js pattern works

Test: ./bin/ai-review.js quick --include "scripts/**/*.js"
✅ PASS: Include scripts/**/*.js matches correctly

📋 B1. Glob Patterns
------------------------------------------------------------
Test: Pattern matching function
🔍 AI Review Export
===================
✅ Found 12 staged files
fatal: path 'COMMIT_MESSAGE.md' does not exist (neither on disk nor in the index)

📊 Summary:
   Included: 12 files
   Excluded: 0 files
   Too large: 0 files

📝 Generating AI_REVIEW.md...

✅ Processing: .vscode/settings.json
✅ Processing: COMMIT_MESSAGE.md
✅ Processing: FIXED_CLI.js
✅ Processing: NPM_SCRIPTS_ANALYSIS.md
✅ Processing: TEST_PLAN.md
✅ Processing: TWITTER_LAUNCH_THREADS.md
✅ Processing: UNIFIED_EXPORT_GUIDE.md
✅ Processing: UPDATE_GUIDE.md
✅ Processing: bin/ai-review.js
✅ Processing: package-lock.json
✅ Processing: package.json
✅ Processing: scripts/export-ai-review.js

✅ Generated: AI_REVIEW.md
📊 Final stats: 12 files processed, 0 excluded, 0 errors
📄 File size: 118756 characters

🎯 Next steps:
1. Review AI_REVIEW.md
2. Ask ChatGPT/Claude: "Please review AI_REVIEW.md"
3. Make any suggested changes
4. Commit: git commit -m "Your message"

